
> portfolio@0.0.0 build
> tsc -b && vite build

src/App.tsx(1,8): error TS6133: 'React' is declared but its value is never read.
src/App.tsx(3,10): error TS1484: 'TabId' is a type and must be imported using a type-only import when 'verbatimModuleSyntax' is enabled.
src/App.tsx(47,16): error TS2528: A module cannot have multiple default exports.
src/App.tsx(49,16): error TS2528: A module cannot have multiple default exports.
src/components/dashboard/ActivityView.tsx(1,8): error TS6133: 'React' is declared but its value is never read.
src/components/dashboard/ActivityView.tsx(3,28): error TS6133: 'Cpu' is declared but its value is never read.
src/components/dashboard/ActivityView.tsx(3,33): error TS6133: 'Database' is declared but its value is never read.
src/components/dashboard/ActivityView.tsx(3,48): error TS6133: 'Globe' is declared but its value is never read.
src/components/dashboard/ActivityView.tsx(3,55): error TS6133: 'Server' is declared but its value is never read.
src/components/dashboard/ActivityView.tsx(3,63): error TS6133: 'CheckCircle2' is declared but its value is never read.
src/components/dashboard/AITerminal.tsx(3,36): error TS6133: 'AlertCircle' is declared but its value is never read.
src/components/dashboard/AITerminal.tsx(3,49): error TS6133: 'CheckCircle2' is declared but its value is never read.
src/components/dashboard/AITerminal.tsx(3,63): error TS6133: 'Info' is declared but its value is never read.
src/components/dashboard/AITerminal.tsx(3,74): error TS6133: 'Zap' is declared but its value is never read.
src/components/dashboard/MissionView.tsx(1,1): error TS6133: 'React' is declared but its value is never read.
src/components/dashboard/MissionView.tsx(8,3): error TS6133: 'ChevronRight' is declared but its value is never read.
src/components/dashboard/OverviewView.tsx(1,1): error TS6133: 'React' is declared but its value is never read.
src/components/dashboard/ProjectView.tsx(1,8): error TS6133: 'React' is declared but its value is never read.
src/components/dashboard/SkillsView.tsx(1,1): error TS6133: 'React' is declared but its value is never read.
src/components/dashboard/SkillsView.tsx(10,3): error TS6133: 'AlertCircle' is declared but its value is never read.
src/components/layout/DashboardLayout.tsx(2,19): error TS1484: 'TabId' is a type and must be imported using a type-only import when 'verbatimModuleSyntax' is enabled.
src/components/layout/DashboardLayout.tsx(4,16): error TS6133: 'Search' is declared but its value is never read.
src/components/layout/Sidebar.tsx(1,1): error TS6133: 'React' is declared but its value is never read.
